
PROGRAM "C:\Users\nburtnet\Documents\GitHub\Lab5\Lab 5 Code\bin\Project.abs"

*********************************************************************************************
TARGET SECTION
---------------------------------------------------------------------------------------------
Processor   : Freescale HC12
Memory Model: SMALL
File Format : ELF\DWARF 2.0
Linker      : SmartLinker V-5.0.40 Build 10203, Jul 23 2010

*********************************************************************************************
FILE SECTION
---------------------------------------------------------------------------------------------
main.asm.o                              Model: SMALL,         Lang: Assembler
Lib_Delay.asm.o (ME305LIBV2.2.lib)      Model: SMALL,         Lang: Assembler
Lib_Encoder.asm.o (ME305LIBV2.2.lib)    Model: SMALL,         Lang: Assembler
Lib_Keypad.asm.o (ME305LIBV2.2.lib)     Model: SMALL,         Lang: Assembler
Lib_Motor.asm.o (ME305LIBV2.2.lib)      Model: SMALL,         Lang: Assembler
Lib_Startup.asm.o (ME305LIBV2.2.lib)    Model: SMALL,         Lang: Assembler

*********************************************************************************************
STARTUP SECTION
---------------------------------------------------------------------------------------------
Entry point: 0xC000 (Entry)

*********************************************************************************************
SECTION-ALLOCATION SECTION
Section Name                    Size  Type     From       To       Segment
---------------------------------------------------------------------------------------------
.init                            227     R     0xC000     0xC0E2   ROM_C000
.stack                          1024   R/W     0x2000     0x23FF   RAM
.data                              2   R/W     0x2400     0x2401   RAM
LIBRARY_RAM                        3   R/W     0x1000     0x1002   LIBRAM
MyCode                            46     R     0x4000     0x402D   ROM_4000
Lib_Motor                        145     R      0x800      0x890   EEPROM
Lib_Keypad                       117     R      0x891      0x905   EEPROM
Lib_Encoder                      177     R      0x906      0x9B6   EEPROM
Lib_Delay                         56     R      0x9B7      0x9EE   EEPROM
main.asm__ORG00001                 2     R     0xFFFE     0xFFFF   .absSeg0
main.asm__ORG00002                 2     R     0xFFCE     0xFFCF   .absSeg1

Summary of section sizes per section type:
READ_ONLY (R):         304 (dec:      772)
READ_WRITE (R/W):      405 (dec:     1029)

*********************************************************************************************
VECTOR-ALLOCATION SECTION
    Address     InitValue   InitFunction
---------------------------------------------------------------------------------------------

*********************************************************************************************
OBJECT-ALLOCATION SECTION
     Name               Module                 Addr   hSize   dSize     Ref    Section   RLIB
---------------------------------------------------------------------------------------------
MODULE:                 -- main.asm.o --
- PROCEDURES:
     main                                      4000      12      18       1   MyCode      
     TOP                                       4012      1C      28       0   MyCode      
- VARIABLES:
     ENCODER_COUNT                             2400       2       2       2   .data       
     VAR00001                                  FFFE       2       2       0   .text       
     VAR00002                                  FFCE       2       2       0   .text       
MODULE:                 -- Lib_Delay.asm.o (ME305LIBV2.2.lib) --
- PROCEDURES:
     DELAY_MICRO                                9B7       F      15       1   Lib_Delay   
     MICRO_Loop                                 9C6       D      13       0   Lib_Delay   
     DELAY_MILLI                                9D3       F      15       1   Lib_Delay   
     MILLI_Loop                                 9E2       D      13       0   Lib_Delay   
- VARIABLES:
MODULE:                 -- Lib_Encoder.asm.o (ME305LIBV2.2.lib) --
- PROCEDURES:
     STARTUP_ENCODER                            906      51      81       1   Lib_Encoder 
     READ_ENCODER                               957      37      55       2   Lib_Encoder 
     DISABLE_ENCODER                            98E      29      41       1   Lib_Encoder 
- VARIABLES:
MODULE:                 -- Lib_Keypad.asm.o (ME305LIBV2.2.lib) --
- PROCEDURES:
     INITKEY                                    891      35      53       0   Lib_Keypad  
     GETCHAR                                    8C6      10      16       0   Lib_Keypad  
     ISR_KEYPAD                                 8D6      1C      28       1   Lib_Keypad  
     VAR00001                                   8F2      14      20       1   Lib_Keypad  
- VARIABLES:
     KEYREADY                                  1000       1       1       0   LIBRARY_RAM 
     LCHARACTER                                1001       1       1       4   LIBRARY_RAM 
     LKEY_FLG                                  1002       1       1       3   LIBRARY_RAM 
MODULE:                 -- Lib_Motor.asm.o (ME305LIBV2.2.lib) --
- PROCEDURES:
     STARTUP_MOTOR                              800      22      34       1   Lib_Motor   
     ENABLE_MOTOR                               822       D      13       1   Lib_Motor   
     DISABLE_MOTOR                              82F       D      13       1   Lib_Motor   
     UPDATE_MOTOR                               83C      14      20       3   Lib_Motor   
     CCW_MOTOR                                  850       F      15       0   Lib_Motor   
     BRAKE_MOTOR                                85F       D      13       0   Lib_Motor   
     CURRENT_MOTOR                              86C      25      37       0   Lib_Motor   
- VARIABLES:
MODULE:                 -- Lib_Startup.asm.o (ME305LIBV2.2.lib) --
- PROCEDURES:
     _Startup                                  C000      13      19       0   .init       
     Entry                                     C000       0       0       1   .init       
     STARTUP_PLL                               C013      20      32       1   .init       
     STARTUP_SPI0                              C033      45      69       1   .init       
     STARTUP_ATD1                              C078      1A      26       0   .init       
     STARTUP_PWM                               C092      1D      29       1   .init       
     STARTUP_IO                                C0AF      34      52       1   .init       
- VARIABLES:
- LABELS:
     __SEG_END_SSTACK                          2400       0       0       1               

*********************************************************************************************
MODULE STATISTIC
  Name                                      Data   Code  Const
---------------------------------------------------------------------------------------------
  main.asm.o                                   2     46      4
  Lib_Delay.asm.o (ME305LIBV2.2.lib)           0     56      0
  Lib_Encoder.asm.o (ME305LIBV2.2.lib)         0    177      0
  Lib_Keypad.asm.o (ME305LIBV2.2.lib)          3    117      0
  Lib_Motor.asm.o (ME305LIBV2.2.lib)           0    145      0
  Lib_Startup.asm.o (ME305LIBV2.2.lib)         0    227      0
  other                                     1024      0      0

*********************************************************************************************
SECTION USE IN OBJECT-ALLOCATION SECTION
---------------------------------------------------------------------------------------------
SECTION: ".text"
  VAR00002 VAR00001 
SECTION: ".data"
  ENCODER_COUNT 
SECTION: ".init"
  Entry _Startup STARTUP_PLL STARTUP_SPI0 STARTUP_ATD1 STARTUP_PWM STARTUP_IO 
SECTION: "LIBRARY_RAM"
  KEYREADY LCHARACTER LKEY_FLG 
SECTION: "MyCode"
  main TOP 
SECTION: "Lib_Motor"
  STARTUP_MOTOR ENABLE_MOTOR DISABLE_MOTOR UPDATE_MOTOR CCW_MOTOR BRAKE_MOTOR 
  CURRENT_MOTOR 
SECTION: "Lib_Keypad"
  INITKEY GETCHAR ISR_KEYPAD VAR00001 
SECTION: "Lib_Encoder"
  STARTUP_ENCODER READ_ENCODER DISABLE_ENCODER 
SECTION: "Lib_Delay"
  DELAY_MICRO MICRO_Loop DELAY_MILLI MILLI_Loop 

*********************************************************************************************
OBJECT LIST SORTED BY ADDRESS
     Name                                      Addr   hSize   dSize     Ref    Section   RLIB
---------------------------------------------------------------------------------------------
     STARTUP_MOTOR                              800      22      34       1   Lib_Motor   
     ENABLE_MOTOR                               822       D      13       1   Lib_Motor   
     DISABLE_MOTOR                              82F       D      13       1   Lib_Motor   
     UPDATE_MOTOR                               83C      14      20       3   Lib_Motor   
     CCW_MOTOR                                  850       F      15       0   Lib_Motor   
     BRAKE_MOTOR                                85F       D      13       0   Lib_Motor   
     CURRENT_MOTOR                              86C      25      37       0   Lib_Motor   
     INITKEY                                    891      35      53       0   Lib_Keypad  
     GETCHAR                                    8C6      10      16       0   Lib_Keypad  
     ISR_KEYPAD                                 8D6      1C      28       1   Lib_Keypad  
     VAR00001                                   8F2      14      20       1   Lib_Keypad  
     STARTUP_ENCODER                            906      51      81       1   Lib_Encoder 
     READ_ENCODER                               957      37      55       2   Lib_Encoder 
     DISABLE_ENCODER                            98E      29      41       1   Lib_Encoder 
     DELAY_MICRO                                9B7       F      15       1   Lib_Delay   
     MICRO_Loop                                 9C6       D      13       0   Lib_Delay   
     DELAY_MILLI                                9D3       F      15       1   Lib_Delay   
     MILLI_Loop                                 9E2       D      13       0   Lib_Delay   
     KEYREADY                                  1000       1       1       0   LIBRARY_RAM 
     LCHARACTER                                1001       1       1       4   LIBRARY_RAM 
     LKEY_FLG                                  1002       1       1       3   LIBRARY_RAM 
     ENCODER_COUNT                             2400       2       2       2   .data       
     main                                      4000      12      18       1   MyCode      
     TOP                                       4012      1C      28       0   MyCode      
     Entry                                     C000       0       0       1   .init       
     _Startup                                  C000      13      19       0   .init       
     STARTUP_PLL                               C013      20      32       1   .init       
     STARTUP_SPI0                              C033      45      69       1   .init       
     STARTUP_ATD1                              C078      1A      26       0   .init       
     STARTUP_PWM                               C092      1D      29       1   .init       
     STARTUP_IO                                C0AF      34      52       1   .init       
     VAR00002                                  FFCE       2       2       0   .text       
     VAR00001                                  FFFE       2       2       0   .text       

*********************************************************************************************
UNUSED-OBJECTS SECTION
---------------------------------------------------------------------------------------------
NOT USED VARIABLES
main.asm.o:
  LVREF_BUF LVACT_BUF LERR_BUF LEFF_BUF LKP_BUF LKI_BUF 

*********************************************************************************************
COPYDOWN SECTION
---------------------------------------------------------------------------------------------

*********************************************************************************************
OBJECT-DEPENDENCIES SECTION
---------------------------------------------------------------------------------------------
STARTUP_MOTOR             USES DISABLE_MOTOR 
INITKEY                   USES LCHARACTER LKEY_FLG 
GETCHAR                   USES LCHARACTER LKEY_FLG 
ISR_KEYPAD                USES VAR00001 LCHARACTER LKEY_FLG 
main                      USES STARTUP_ENCODER READ_ENCODER ENCODER_COUNT 
                                STARTUP_PWM STARTUP_MOTOR ENABLE_MOTOR 
TOP                       USES UPDATE_MOTOR READ_ENCODER ENCODER_COUNT 
_Startup                  USES __SEG_END_SSTACK STARTUP_PLL STARTUP_IO 
                                STARTUP_SPI0 DISABLE_ENCODER main 
STARTUP_SPI0              USES DELAY_MILLI 
STARTUP_ATD1              USES DELAY_MICRO 

*********************************************************************************************
DEPENDENCY TREE
*********************************************************************************************
 main and _Startup Group
 | 
 +- main                
 |  | 
 |  +- STARTUP_ENCODER     
 |  |    
 |  +- READ_ENCODER        
 |  |    
 |  +- STARTUP_PWM         
 |  |    
 |  +- STARTUP_MOTOR       
 |  |  | 
 |  |  +- DISABLE_MOTOR       
 |  |       
 |  +- ENABLE_MOTOR        
 |       
 +- Entry               
      
 _ORG00001           
 | 
 +- Entry                (see above)
    
 _ORG00002           
 | 
 +- ISR_KEYPAD          
    | 
    +- VAR00001            
         
*********************************************************************************************
STATISTIC SECTION
---------------------------------------------------------------------------------------------

ExeFile:
--------
Number of blocks to be downloaded: 8
Total size of all blocks to be downloaded: 772

